// Jest Snapshot v1, https://goo.gl/fbAQLP

exports[`should match snapshot when there are no result and error 1`] = `
<div
  className="possible-routes__container"
>
  <Title
    title="Find All Possible Routes"
  />
  <Subtitle
    subtitle="Find all possible routes with less than N stops"
  />
  <input
    className="possible-routes__input"
    name="town1"
    onChange={[Function]}
    placeholder="Town 1"
    type="text"
  />
  <input
    className="possible-routes__input"
    name="town2"
    onChange={[Function]}
    placeholder="Town 2"
    type="text"
  />
  <input
    className="possible-routes__input"
    min={1}
    name="cost"
    onChange={[Function]}
    placeholder="Maximum Stops"
    type="number"
  />
  <Button
    onClick={[Function]}
    text="Find All Routes"
  />
</div>
`;
